// Jest Snapshot v1, https://goo.gl/fbAQLP

exports[`should successfully render the component and match screenshot 1`] = `
Array [
  <button
    class="toggleButton shown"
    id="toggleStatus"
    title="Toggle All Statuses"
  />,
  <button
    class="deleteButton"
    id="deleteStatus"
    title="Delete All Statuses"
  />,
]
`;
