// Jest Snapshot v1, https://goo.gl/fbAQLP

exports[`should successfully render the component and match screenshot 1`] = `
Array [
  <button
    class="toggleButton shown"
    id="clearDevices"
    title="Toggle All Devices/Groups"
  />,
  <button
    class="deleteButton"
    id="deleteDevices"
    title="Delete All Devices/Groups"
  />,
]
`;
